java.nio.file.NoSuchFileException: /Users/sergiy/Library/Application Support/ScalaCli/secrets/config.json
  java.base@17.0.9/sun.nio.fs.UnixFileSystemProvider.newByteChannel(UnixFileSystemProvider.java:218)
  java.base@17.0.9/java.nio.file.Files.newByteChannel(Files.java:380)
  java.base@17.0.9/java.nio.file.Files.newByteChannel(Files.java:432)
  java.base@17.0.9/java.nio.file.spi.FileSystemProvider.newInputStream(FileSystemProvider.java:422)
  java.base@17.0.9/java.nio.file.Files.newInputStream(Files.java:160)
  os.Path.getInputStream(Path.scala:628)
  os.read$inputStream$.apply(ReadWriteOps.scala:251)
  os.read$bytes$.apply(ReadWriteOps.scala:286)
  scala.cli.commands.config.Config$.runCommand(Config.scala:30)
  scala.cli.commands.config.Config$.runCommand(Config.scala:26)
  scala.cli.commands.ScalaCommand.run(ScalaCommand.scala:428)
  scala.cli.commands.ScalaCommand.run(ScalaCommand.scala:392)
  caseapp.core.app.CaseApp.main(CaseApp.scala:166)
  scala.cli.commands.ScalaCommand.main(ScalaCommand.scala:377)
  caseapp.core.app.CommandsEntryPoint.main(CommandsEntryPoint.scala:370)
  scala.cli.ScalaCliCommands.main(ScalaCliCommands.scala:125)
  scala.cli.ScalaCli$.main0$$anonfun$1(ScalaCli.scala:338)
  scala.runtime.function.JProcedure1.apply(JProcedure1.java:15)
  scala.runtime.function.JProcedure1.apply(JProcedure1.java:10)
  scala.build.EitherCps$Helper.apply(EitherCps.scala:19)
  scala.cli.ScalaCli$.main0(ScalaCli.scala:239)
  scala.cli.ScalaCli$.main(ScalaCli.scala:123)
  scala.cli.ScalaCli.main(ScalaCli.scala)
